// Jest Snapshot v1, https://goo.gl/fbAQLP

exports[`<StyledBtn /> 1`] = `


<button
  className="bcQrar"
/>
`;
