// Jest Snapshot v1, https://goo.gl/fbAQLP

exports[`<StyledBtn /> 1`] = `
.bcQrar {
  outline-style: none;
  background: none;
  border: none;
  cursor: pointer;
  line-height: 1.5;
  font: 700 1.2rem 'Roboto Slab', sans-serif;
  letter-spacing: 0.05rem;
  box-shadow: inset 0 0 0 4px #58afd1;
  color: #58afd1;
  width: 150px;
  height: 50px;
  margin: 2px;
}

.bcQrar:hover {
  color: white;
  box-shadow: inset 0 0 0 4px white;
}

<button
  className="bcQrar"
/>
`;
