// Jest Snapshot v1, https://goo.gl/fbAQLP

exports[`<StyledLink /> 1`] = `
.biZewx {
  display: inline-block;
  padding: 10px 30px;
  margin: 5px;
  font-size: 40px;
  color: #696969;
  border: 2px solid rgb(42,184,241);
  font-weight: 100;
  letter-spacing: 4px;
  background-color: transparent;
  border-radius: 200px;
  transition: color 0.3s;
  -webkit-transition: color 0.3s;
  text-decoration: none;
}

.biZewx:hover {
  text-decoration: none;
  color: #a4a4a4;
}

.biZewx:focus {
  text-decoration: none;
  color: white;
}

.biZewx:active {
  text-decoration: none;
  color: green;
}

.biZewx:visited {
  text-decoration: none;
  color: none;
}

<a
  className="biZewx"
  href="good"
  onClick={[Function]}
>
  Good
</a>
`;
